
Wed Feb 21 15:44:04 EST 2018 : Launched rmi_registry in /usagers/phcarb/Documents/GitHub/INF8480_TP2/bin on l4712-03.info.polymtl.ca
Wed Feb 21 15:44:04 EST 2018 : Launched rmi_registry in /usagers/phcarb/Documents/GitHub/INF8480_TP2/bin on l4712-02.info.polymtl.ca
Wed Feb 21 15:44:04 EST 2018 : Launched rmi_registry in /usagers/phcarb/Documents/GitHub/INF8480_TP2/bin on l4712-01.info.polymtl.ca
Wed Feb 21 15:44:05 EST 2018 : Launched server in /usagers/phcarb/Documents/GitHub/INF8480_TP2 on l4712-03.info.polymtl.ca
Wed Feb 21 15:44:05 EST 2018 : Launched server in /usagers/phcarb/Documents/GitHub/INF8480_TP2 on l4712-02.info.polymtl.ca
Wed Feb 21 15:44:05 EST 2018 : Launched server in /usagers/phcarb/Documents/GitHub/INF8480_TP2 on l4712-01.info.polymtl.ca
Wed Feb 21 15:44:26 EST 2018 : Launched rmi_registry in /usagers/phcarb/Documents/GitHub/INF8480_TP2/bin on l4712-01.info.polymtl.ca
Wed Feb 21 15:44:26 EST 2018 : Launched rmi_registry in /usagers/phcarb/Documents/GitHub/INF8480_TP2/bin on l4712-02.info.polymtl.ca
Wed Feb 21 15:44:26 EST 2018 : Launched rmi_registry in /usagers/phcarb/Documents/GitHub/INF8480_TP2/bin on l4712-03.info.polymtl.ca
Wed Feb 21 15:44:27 EST 2018 : Launched server in /usagers/phcarb/Documents/GitHub/INF8480_TP2 on l4712-01.info.polymtl.ca
Wed Feb 21 15:44:27 EST 2018 : Launched server in /usagers/phcarb/Documents/GitHub/INF8480_TP2 on l4712-02.info.polymtl.ca
Wed Feb 21 15:44:27 EST 2018 : Launched server in /usagers/phcarb/Documents/GitHub/INF8480_TP2 on l4712-03.info.polymtl.ca
